------------------------------------------------------------
TimeQuest Timing Analyzer Summary
------------------------------------------------------------

Type  : Slow Model Setup 'teclado:inst2|controlador:U0|Debouncer:d0|State'
Slack : -5.059
TNS   : -137.915

Type  : Slow Model Setup 'CLOCK_50'
Slack : -4.148
TNS   : -690.825

Type  : Slow Model Hold 'CLOCK_50'
Slack : -2.522
TNS   : -7.838

Type  : Slow Model Hold 'teclado:inst2|controlador:U0|Debouncer:d0|State'
Slack : 0.391
TNS   : 0.000

Type  : Slow Model Minimum Pulse Width 'CLOCK_50'
Slack : -1.380
TNS   : -209.380

Type  : Slow Model Minimum Pulse Width 'teclado:inst2|controlador:U0|Debouncer:d0|State'
Slack : -0.500
TNS   : -31.000

Type  : Fast Model Setup 'teclado:inst2|controlador:U0|Debouncer:d0|State'
Slack : -1.732
TNS   : -45.727

Type  : Fast Model Setup 'CLOCK_50'
Slack : -1.486
TNS   : -239.315

Type  : Fast Model Hold 'CLOCK_50'
Slack : -1.568
TNS   : -18.692

Type  : Fast Model Hold 'teclado:inst2|controlador:U0|Debouncer:d0|State'
Slack : 0.215
TNS   : 0.000

Type  : Fast Model Minimum Pulse Width 'CLOCK_50'
Slack : -1.380
TNS   : -209.380

Type  : Fast Model Minimum Pulse Width 'teclado:inst2|controlador:U0|Debouncer:d0|State'
Slack : -0.500
TNS   : -31.000

------------------------------------------------------------
