------------------------------------------------------------
TimeQuest Timing Analyzer Summary
------------------------------------------------------------

Type  : Slow Model Setup 'fsm:inst25|A[0]'
Slack : -6.070
TNS   : -76.201

Type  : Slow Model Setup 'CLOCK_50'
Slack : -5.656
TNS   : -846.127

Type  : Slow Model Setup 'KEY[0]'
Slack : -4.496
TNS   : -12.234

Type  : Slow Model Hold 'fsm:inst25|A[0]'
Slack : -3.934
TNS   : -24.639

Type  : Slow Model Hold 'KEY[0]'
Slack : -3.782
TNS   : -8.878

Type  : Slow Model Hold 'CLOCK_50'
Slack : -0.128
TNS   : -0.381

Type  : Slow Model Recovery 'fsm:inst25|A[0]'
Slack : -0.030
TNS   : -0.030

Type  : Slow Model Removal 'fsm:inst25|A[0]'
Slack : -1.018
TNS   : -11.334

Type  : Slow Model Minimum Pulse Width 'CLOCK_50'
Slack : -1.380
TNS   : -209.380

Type  : Slow Model Minimum Pulse Width 'KEY[0]'
Slack : -1.222
TNS   : -1.222

Type  : Slow Model Minimum Pulse Width 'fsm:inst25|A[0]'
Slack : 0.500
TNS   : 0.000

Type  : Fast Model Setup 'fsm:inst25|A[0]'
Slack : -2.827
TNS   : -31.239

Type  : Fast Model Setup 'CLOCK_50'
Slack : -2.068
TNS   : -294.694

Type  : Fast Model Setup 'KEY[0]'
Slack : -1.546
TNS   : -3.254

Type  : Fast Model Hold 'KEY[0]'
Slack : -2.149
TNS   : -6.554

Type  : Fast Model Hold 'fsm:inst25|A[0]'
Slack : -2.009
TNS   : -15.742

Type  : Fast Model Hold 'CLOCK_50'
Slack : -0.395
TNS   : -1.182

Type  : Fast Model Recovery 'fsm:inst25|A[0]'
Slack : 0.057
TNS   : 0.000

Type  : Fast Model Removal 'fsm:inst25|A[0]'
Slack : -0.389
TNS   : -2.625

Type  : Fast Model Minimum Pulse Width 'CLOCK_50'
Slack : -1.380
TNS   : -209.380

Type  : Fast Model Minimum Pulse Width 'KEY[0]'
Slack : -1.222
TNS   : -1.222

Type  : Fast Model Minimum Pulse Width 'fsm:inst25|A[0]'
Slack : 0.500
TNS   : 0.000

------------------------------------------------------------
